Build started 14-02-2026 05:32:12 PM.
     1>Project "C:\Users\daksh\Desktop\Semester 6\CS346 - Software Engineering Lab\Assignment 2\InterpolationBackend\InterpolationBackend\InterpolationBackend.vcxproj" on node 2 (rebuild target(s)).
     1>InitializeBuildStatus:
         Creating "Release\InterpolationBackend.unsuccessfulbuild" because "AlwaysCreate" was specified.
       ClCompile:
         C:\Program Files (x86)\Microsoft Visual Studio 10.0\VC\bin\CL.exe /c /Zi /nologo /W3 /WX- /O2 /Oi /Oy- /GL /D WIN32 /D NDEBUG /D _WINDOWS /D _USRDLL /D INTERPOLATIONBACKEND_EXPORTS /D _WINDLL /D _UNICODE /D UNICODE /Gm- /EHsc /MD /GS /Gy /fp:precise /Zc:wchar_t /Zc:forScope /Yc"StdAfx.h" /Fp"Release\InterpolationBackend.pch" /Fo"Release\\" /Fd"Release\vc100.pdb" /Gd /TP /analyze- /errorReport:prompt stdafx.cpp
         stdafx.cpp
         C:\Program Files (x86)\Microsoft Visual Studio 10.0\VC\bin\CL.exe /c /Zi /nologo /W3 /WX- /O2 /Oi /Oy- /GL /D WIN32 /D NDEBUG /D _WINDOWS /D _USRDLL /D INTERPOLATIONBACKEND_EXPORTS /D _WINDLL /D _UNICODE /D UNICODE /Gm- /EHsc /MD /GS /Gy /fp:precise /Zc:wchar_t /Zc:forScope /Fo"Release\\" /Fd"Release\vc100.pdb" /Gd /TP /analyze- /errorReport:prompt dllmain.cpp
         dllmain.cpp
         C:\Program Files (x86)\Microsoft Visual Studio 10.0\VC\bin\CL.exe /c /Zi /nologo /W3 /WX- /O2 /Oi /Oy- /GL /D WIN32 /D NDEBUG /D _WINDOWS /D _USRDLL /D INTERPOLATIONBACKEND_EXPORTS /D _WINDLL /D _UNICODE /D UNICODE /Gm- /EHsc /MD /GS /Gy /fp:precise /Zc:wchar_t /Zc:forScope /Yu"StdAfx.h" /Fp"Release\InterpolationBackend.pch" /Fo"Release\\" /Fd"Release\vc100.pdb" /Gd /TP /analyze- /errorReport:prompt InterpolationBackend.cpp
         InterpolationBackend.cpp
       Link:
         C:\Program Files (x86)\Microsoft Visual Studio 10.0\VC\bin\link.exe /ERRORREPORT:PROMPT /OUT:"C:\Users\daksh\Desktop\Semester 6\CS346 - Software Engineering Lab\Assignment 2\InterpolationGUI\Release\InterpolationBackend.dll" /INCREMENTAL:NO /NOLOGO kernel32.lib user32.lib gdi32.lib winspool.lib comdlg32.lib advapi32.lib shell32.lib ole32.lib oleaut32.lib uuid.lib odbc32.lib odbccp32.lib /MANIFEST /ManifestFile:"Release\InterpolationBackend.dll.intermediate.manifest" /MANIFESTUAC:"level='asInvoker' uiAccess='false'" /DEBUG /PDB:"C:\Users\daksh\Desktop\Semester 6\CS346 - Software Engineering Lab\Assignment 2\InterpolationGUI\Release\InterpolationBackend.pdb" /SUBSYSTEM:WINDOWS /OPT:REF /OPT:ICF /LTCG /TLBID:1 /DYNAMICBASE /NXCOMPAT /IMPLIB:"C:\Users\daksh\Desktop\Semester 6\CS346 - Software Engineering Lab\Assignment 2\InterpolationGUI\Release\InterpolationBackend.lib" /MACHINE:X86 /DLL Release\dllmain.obj
         Release\InterpolationBackend.obj
         Release\stdafx.obj
            Creating library C:\Users\daksh\Desktop\Semester 6\CS346 - Software Engineering Lab\Assignment 2\InterpolationGUI\Release\InterpolationBackend.lib and object C:\Users\daksh\Desktop\Semester 6\CS346 - Software Engineering Lab\Assignment 2\InterpolationGUI\Release\InterpolationBackend.exp
         Generating code
         Finished generating code
         InterpolationBackend.vcxproj -> C:\Users\daksh\Desktop\Semester 6\CS346 - Software Engineering Lab\Assignment 2\InterpolationGUI\Release\InterpolationBackend.dll
       Manifest:
         C:\Program Files (x86)\Microsoft SDKs\Windows\v7.0A\bin\mt.exe /nologo /verbose /outputresource:"C:\Users\daksh\Desktop\Semester 6\CS346 - Software Engineering Lab\Assignment 2\InterpolationGUI\Release\InterpolationBackend.dll;#2" /manifest Release\InterpolationBackend.dll.intermediate.manifest
       FinalizeBuildStatus:
         Deleting file "Release\InterpolationBackend.unsuccessfulbuild".
         Touching "Release\InterpolationBackend.lastbuildstate".
     1>Done Building Project "C:\Users\daksh\Desktop\Semester 6\CS346 - Software Engineering Lab\Assignment 2\InterpolationBackend\InterpolationBackend\InterpolationBackend.vcxproj" (rebuild target(s)).

Build succeeded.

Time Elapsed 00:00:02.96
