Build started 14-02-2026 02:22:40 PM.
     1>Project "C:\Users\daksh\Desktop\Semester 6\CS346 - Software Engineering Lab\Assignment 2\InterpolationBackend\InterpolationBackend\InterpolationBackend.vcxproj" on node 2 (build target(s)).
     1>PrepareForBuild:
         Creating directory "C:\Users\daksh\Desktop\Semester 6\CS346 - Software Engineering Lab\Assignment 2\InterpolationBackend\Debug\".
       InitializeBuildStatus:
         Creating "Debug\InterpolationBackend.unsuccessfulbuild" because "AlwaysCreate" was specified.
       ClCompile:
         C:\Program Files (x86)\Microsoft Visual Studio 10.0\VC\bin\CL.exe /c /ZI /nologo /W3 /WX- /Od /Oy- /D WIN32 /D _DEBUG /D _WINDOWS /D _USRDLL /D INTERPOLATIONBACKEND_EXPORTS /D _WINDLL /D _UNICODE /D UNICODE /Gm /EHsc /RTC1 /MDd /GS /fp:precise /Zc:wchar_t /Zc:forScope /Yc"StdAfx.h" /Fp"Debug\InterpolationBackend.pch" /Fo"Debug\\" /Fd"Debug\vc100.pdb" /Gd /TP /analyze- /errorReport:prompt stdafx.cpp
         stdafx.cpp
         C:\Program Files (x86)\Microsoft Visual Studio 10.0\VC\bin\CL.exe /c /ZI /nologo /W3 /WX- /Od /Oy- /D WIN32 /D _DEBUG /D _WINDOWS /D _USRDLL /D INTERPOLATIONBACKEND_EXPORTS /D _WINDLL /D _UNICODE /D UNICODE /Gm /EHsc /RTC1 /MDd /GS /fp:precise /Zc:wchar_t /Zc:forScope /Fo"Debug\\" /Fd"Debug\vc100.pdb" /Gd /TP /analyze- /errorReport:prompt dllmain.cpp
         dllmain.cpp
         C:\Program Files (x86)\Microsoft Visual Studio 10.0\VC\bin\CL.exe /c /ZI /nologo /W3 /WX- /Od /Oy- /D WIN32 /D _DEBUG /D _WINDOWS /D _USRDLL /D INTERPOLATIONBACKEND_EXPORTS /D _WINDLL /D _UNICODE /D UNICODE /Gm /EHsc /RTC1 /MDd /GS /fp:precise /Zc:wchar_t /Zc:forScope /Yu"StdAfx.h" /Fp"Debug\InterpolationBackend.pch" /Fo"Debug\\" /Fd"Debug\vc100.pdb" /Gd /TP /analyze- /errorReport:prompt InterpolationBackend.cpp
         InterpolationBackend.cpp
       ManifestResourceCompile:
         C:\Program Files (x86)\Microsoft SDKs\Windows\v7.0A\bin\rc.exe /nologo /fo"Debug\InterpolationBackend.dll.embed.manifest.res" Debug\InterpolationBackend_manifest.rc 
       Link:
         C:\Program Files (x86)\Microsoft Visual Studio 10.0\VC\bin\link.exe /ERRORREPORT:PROMPT /OUT:"C:\Users\daksh\Desktop\Semester 6\CS346 - Software Engineering Lab\Assignment 2\InterpolationBackend\Debug\InterpolationBackend.dll" /INCREMENTAL /NOLOGO kernel32.lib user32.lib gdi32.lib winspool.lib comdlg32.lib advapi32.lib shell32.lib ole32.lib oleaut32.lib uuid.lib odbc32.lib odbccp32.lib /MANIFEST /ManifestFile:"Debug\InterpolationBackend.dll.intermediate.manifest" /MANIFESTUAC:"level='asInvoker' uiAccess='false'" /DEBUG /PDB:"C:\Users\daksh\Desktop\Semester 6\CS346 - Software Engineering Lab\Assignment 2\InterpolationBackend\Debug\InterpolationBackend.pdb" /SUBSYSTEM:WINDOWS /TLBID:1 /DYNAMICBASE /NXCOMPAT /IMPLIB:"C:\Users\daksh\Desktop\Semester 6\CS346 - Software Engineering Lab\Assignment 2\InterpolationBackend\Debug\InterpolationBackend.lib" /MACHINE:X86 /DLL Debug\InterpolationBackend.dll.embed.manifest.res
         Debug\dllmain.obj
         Debug\InterpolationBackend.obj
         Debug\stdafx.obj
            Creating library C:\Users\daksh\Desktop\Semester 6\CS346 - Software Engineering Lab\Assignment 2\InterpolationBackend\Debug\InterpolationBackend.lib and object C:\Users\daksh\Desktop\Semester 6\CS346 - Software Engineering Lab\Assignment 2\InterpolationBackend\Debug\InterpolationBackend.exp
       Manifest:
         C:\Program Files (x86)\Microsoft SDKs\Windows\v7.0A\bin\mt.exe /nologo /verbose /out:"Debug\InterpolationBackend.dll.embed.manifest" /manifest Debug\InterpolationBackend.dll.intermediate.manifest
         C:\Program Files (x86)\Microsoft SDKs\Windows\v7.0A\bin\rc.exe /nologo /fo"Debug\InterpolationBackend.dll.embed.manifest.res" Debug\InterpolationBackend_manifest.rc 
       LinkEmbedManifest:
         C:\Program Files (x86)\Microsoft Visual Studio 10.0\VC\bin\link.exe /ERRORREPORT:PROMPT /OUT:"C:\Users\daksh\Desktop\Semester 6\CS346 - Software Engineering Lab\Assignment 2\InterpolationBackend\Debug\InterpolationBackend.dll" /INCREMENTAL /NOLOGO kernel32.lib user32.lib gdi32.lib winspool.lib comdlg32.lib advapi32.lib shell32.lib ole32.lib oleaut32.lib uuid.lib odbc32.lib odbccp32.lib /MANIFEST /ManifestFile:"Debug\InterpolationBackend.dll.intermediate.manifest" /MANIFESTUAC:"level='asInvoker' uiAccess='false'" /DEBUG /PDB:"C:\Users\daksh\Desktop\Semester 6\CS346 - Software Engineering Lab\Assignment 2\InterpolationBackend\Debug\InterpolationBackend.pdb" /SUBSYSTEM:WINDOWS /TLBID:1 /DYNAMICBASE /NXCOMPAT /IMPLIB:"C:\Users\daksh\Desktop\Semester 6\CS346 - Software Engineering Lab\Assignment 2\InterpolationBackend\Debug\InterpolationBackend.lib" /MACHINE:X86 /DLL Debug\InterpolationBackend.dll.embed.manifest.res
         Debug\dllmain.obj
         Debug\InterpolationBackend.obj
         Debug\stdafx.obj
            Creating library C:\Users\daksh\Desktop\Semester 6\CS346 - Software Engineering Lab\Assignment 2\InterpolationBackend\Debug\InterpolationBackend.lib and object C:\Users\daksh\Desktop\Semester 6\CS346 - Software Engineering Lab\Assignment 2\InterpolationBackend\Debug\InterpolationBackend.exp
         InterpolationBackend.vcxproj -> C:\Users\daksh\Desktop\Semester 6\CS346 - Software Engineering Lab\Assignment 2\InterpolationBackend\Debug\InterpolationBackend.dll
       FinalizeBuildStatus:
         Deleting file "Debug\InterpolationBackend.unsuccessfulbuild".
         Touching "Debug\InterpolationBackend.lastbuildstate".
     1>Done Building Project "C:\Users\daksh\Desktop\Semester 6\CS346 - Software Engineering Lab\Assignment 2\InterpolationBackend\InterpolationBackend\InterpolationBackend.vcxproj" (build target(s)).

Build succeeded.

Time Elapsed 00:00:04.08
