Build started 12-02-2026 12:01:14 PM.
     1>Project "C:\Users\daksh\Desktop\Semester 6\CS346 - Software Engineering Lab\Assignment 1\task_A\task_A\task_A.vcxproj" on node 2 (build target(s)).
     1>InitializeBuildStatus:
         Creating "Debug\task_A.unsuccessfulbuild" because "AlwaysCreate" was specified.
       ClCompile:
         C:\Program Files (x86)\Microsoft Visual Studio 10.0\VC\bin\CL.exe /c /ZI /nologo /W3 /WX- /Od /Oy- /D WIN32 /D _DEBUG /D _CONSOLE /D _UNICODE /D UNICODE /Gm /EHsc /RTC1 /MDd /GS /fp:precise /Zc:wchar_t /Zc:forScope /Fo"Debug\\" /Fd"Debug\vc100.pdb" /Gd /TC /analyze- /errorReport:prompt task_A.c
         task_A.c
     1>c:\users\daksh\desktop\semester 6\cs346 - software engineering lab\assignment 1\task_a\task_a\task_a.c(26): warning C4996: 'fopen': This function or variable may be unsafe. Consider using fopen_s instead. To disable deprecation, use _CRT_SECURE_NO_WARNINGS. See online help for details.
                 c:\program files (x86)\microsoft visual studio 10.0\vc\include\stdio.h(234) : see declaration of 'fopen'
     1>c:\users\daksh\desktop\semester 6\cs346 - software engineering lab\assignment 1\task_a\task_a\task_a.c(33): warning C4996: 'fscanf': This function or variable may be unsafe. Consider using fscanf_s instead. To disable deprecation, use _CRT_SECURE_NO_WARNINGS. See online help for details.
                 c:\program files (x86)\microsoft visual studio 10.0\vc\include\stdio.h(253) : see declaration of 'fscanf'
       ManifestResourceCompile:
         C:\Program Files (x86)\Microsoft SDKs\Windows\v7.0A\bin\rc.exe /nologo /fo"Debug\task_A.exe.embed.manifest.res" Debug\task_A_manifest.rc 
       Link:
         C:\Program Files (x86)\Microsoft Visual Studio 10.0\VC\bin\link.exe /ERRORREPORT:PROMPT /OUT:"C:\Users\daksh\Desktop\Semester 6\CS346 - Software Engineering Lab\Assignment 1\task_A\Debug\task_A.exe" /INCREMENTAL /NOLOGO kernel32.lib user32.lib gdi32.lib winspool.lib comdlg32.lib advapi32.lib shell32.lib ole32.lib oleaut32.lib uuid.lib odbc32.lib odbccp32.lib /MANIFEST /ManifestFile:"Debug\task_A.exe.intermediate.manifest" /MANIFESTUAC:"level='asInvoker' uiAccess='false'" /DEBUG /PDB:"C:\Users\daksh\Desktop\Semester 6\CS346 - Software Engineering Lab\Assignment 1\task_A\Debug\task_A.pdb" /SUBSYSTEM:CONSOLE /TLBID:1 /DYNAMICBASE /NXCOMPAT /IMPLIB:"C:\Users\daksh\Desktop\Semester 6\CS346 - Software Engineering Lab\Assignment 1\task_A\Debug\task_A.lib" /MACHINE:X86 Debug\task_A.exe.embed.manifest.res
         Debug\task_A.obj
       Manifest:
         C:\Program Files (x86)\Microsoft SDKs\Windows\v7.0A\bin\mt.exe /nologo /verbose /out:"Debug\task_A.exe.embed.manifest" /manifest Debug\task_A.exe.intermediate.manifest
         All outputs are up-to-date.
       LinkEmbedManifest:
         All outputs are up-to-date.
         task_A.vcxproj -> C:\Users\daksh\Desktop\Semester 6\CS346 - Software Engineering Lab\Assignment 1\task_A\Debug\task_A.exe
       FinalizeBuildStatus:
         Deleting file "Debug\task_A.unsuccessfulbuild".
         Touching "Debug\task_A.lastbuildstate".
     1>Done Building Project "C:\Users\daksh\Desktop\Semester 6\CS346 - Software Engineering Lab\Assignment 1\task_A\task_A\task_A.vcxproj" (build target(s)).

Build succeeded.

Time Elapsed 00:00:02.92
